// Jest Snapshot v1, https://goo.gl/fbAQLP

exports[`DiveLog importer Basic 1`] = `
Object {
  "dives": Array [
    Object {
      "air_used": 2100,
      "bottom_time": 31.5,
      "buddies": "Andrea, Mauro",
      "city": "Porto Santo Stefano",
      "computer": "Aladin Sport Matrix",
      "country": "Italia",
      "current": "",
      "current_is_calm": true,
      "current_is_strong": false,
      "current_is_weak": false,
      "date": "2017-02-25",
      "deco_stops": "-",
      "depths": Array [],
      "diveSuit": "umida monopezzo",
      "diveTime": 42,
      "dive_master": "Mauro",
      "emersion_time": 3,
      "entry": "da barca",
      "entry_time": "10:01",
      "exit_time": "10:43",
      "half_depth_break": "14m",
      "half_depth_break_time": "2.5",
      "isAir": true,
      "lat": "42.4010",
      "long": "11.0914",
      "max_depth": 27.4,
      "number": 1,
      "pressure_end": 70,
      "pressure_start": 210,
      "repetitive": true,
      "site": "Scoglio del Corallo",
      "surface": "Normale",
      "surfaceInterval": "3:12",
      "surface_is_calm": true,
      "surface_is_mid": false,
      "surface_is_rough": false,
      "temps": Array [],
      "times": Array [],
      "type": "addestramento",
      "visibility": "",
      "visibility_is_enough": false,
      "visibility_is_good": true,
      "visibility_is_poor": false,
      "volume_start": 3150,
      "volume_tank": 15,
      "water": "mare",
      "weather": "Sereno",
      "weather_is_clear": true,
      "weather_is_cloud": false,
      "weather_is_rain": false,
      "weights": 9,
    },
  ],
}
`;
